// Jest Snapshot v1, https://goo.gl/fbAQLP

exports[`Catalog.vue should match snapshot 1`] = `
<section>
  <!---->
  <h1>Select template</h1>
  <p class="placeholder">No templates found</p>
</section>
`;
