// Jest Snapshot v1, https://goo.gl/fbAQLP

exports[`Loading.vue should match snapshot 1`] = `
<div>
  <h1>loading...</h1>
</div>
`;
